Failure
  (ExceptionFailure
     System.IndexOutOfRangeException: The exception was out of range
   at Microsoft.FSharp.Core.Operators.Raise[T](Exception exn)
   at FeldSpar.Console.Tests.BuildingOfTestsTests.throwingTest@1 ...