Failure
  (ExceptionFailure
     System.IndexOutOfRangeException: The exception was out of range
   at FeldSpar.Console.Tests.BuildingOfTestsTests.template@ ...