'Max'     is a verbosity setting
'Results' is a verbosity setting
'Errors'  is a verbosity setting
'Detail'  is a verbosity setting
'maxx'    isn't a verbosity setting
'max'     is a verbosity setting
'results' is a verbosity setting
'errors'  is a verbosity setting
'detail'  is a verbosity setting
'MAX'     is a verbosity setting
'RESULTS' is a verbosity setting
'ERRORS'  is a verbosity setting
'DETAIL'  is a verbosity setting