Running: My:\Assmembly\Path
[("My Summary 1",
  [{TestName = "Fake test 3";
    TestCanonicalizedName = "Fake_Test";
    TestResults = Failure (GeneralFailure "this is a failing test");};
   {TestName = "Fake test 1";
    TestCanonicalizedName = "Fake_Test";
    TestResults = Success;};
   {TestName = "Fake test 2";
    TestCanonicalizedName = "Fake_Test";
    TestResults = Failure (Ignored "this is an ignored test");}])]
